Booting...Mounting... <//./z/>(''),5Mounting... <//./z/>('E:\qwadro\repo\qwadro\qwd\'),5Mounting... <//./z/>('E:\qwadro\repo\qwadro\qwd\w64'),7Mounting... <//./z/>('E:\qwadro\repo\qwadro\qwd\w64d'),7Mounting... <//./c/>('C:\Windows\System32'),5Loading... <e2coree.dll>Loading... <e2wshell7.dll>Installing... <e2wshell7>    #0 = AOC 1943W (\\.\DISPLAY1\Monitor0) 0x3; MONITOR\AOC1943\{4d36e96e-e325-11ce-bfc1-08002be10318}\0006 (\Registry\Machine\System\CurrentControlSet\Control\Class\{4d36e96e-e325-11ce-bfc1-08002be10318}\0006)    1366x768:32@60 --- 0, (0, 0)0, 0, 0x0	<//./dxgi0/>("")  0.0.0 	<//./gdi0/>("")  0.0.0 Loading... <e2tarzgl4.dll>Installing... <e2tarzgl4>Loading... <opengl32.dll>Loading... <//./c/opengl32.dll>WGL Module: //./c//opengl32.dllGL Version: 4, 0, 0Acquiring HW drawable surface...Acquiring HW operation context...GL: Listing #132 supported extensions.    0 GL_ARB_ES2_compatibility    1 GL_ARB_ES3_compatibility    2 GL_ARB_arrays_of_arrays    3 GL_ARB_base_instance    4 GL_ARB_blend_func_extended    5 GL_ARB_buffer_storage    6 GL_ARB_color_buffer_float    7 GL_ARB_compressed_texture_pixel_storage    8 GL_ARB_conservative_depth    9 GL_ARB_copy_buffer   10 GL_ARB_debug_output   11 GL_ARB_depth_buffer_float   12 GL_ARB_depth_clamp   13 GL_ARB_depth_texture   14 GL_ARB_draw_buffers   15 GL_ARB_draw_buffers_blend   16 GL_ARB_draw_elements_base_vertex   17 GL_ARB_draw_indirect   18 GL_ARB_draw_instanced   19 GL_ARB_explicit_attrib_location   20 GL_ARB_fragment_coord_conventions   21 GL_ARB_framebuffer_no_attachments   22 GL_ARB_framebuffer_object   23 GL_ARB_framebuffer_sRGB   24 GL_ARB_geometry_shader4   25 GL_ARB_get_program_binary   26 GL_ARB_gpu_shader5   27 GL_ARB_gpu_shader_fp64   28 GL_ARB_half_float_pixel   29 GL_ARB_half_float_vertex   30 GL_ARB_instanced_arrays   31 GL_ARB_internalformat_query   32 GL_ARB_internalformat_query2   33 GL_ARB_map_buffer_alignment   34 GL_ARB_map_buffer_range   35 GL_ARB_multi_draw_indirect   36 GL_ARB_multisample   37 GL_ARB_multitexture   38 GL_ARB_occlusion_query   39 GL_ARB_occlusion_query2   40 GL_ARB_pixel_buffer_object   41 GL_ARB_point_parameters   42 GL_ARB_point_sprite   43 GL_ARB_program_interface_query   44 GL_ARB_provoking_vertex   45 GL_ARB_robustness   46 GL_ARB_sample_shading   47 GL_ARB_sampler_objects   48 GL_ARB_seamless_cube_map   49 GL_ARB_separate_shader_objects   50 GL_ARB_shader_atomic_counters   51 GL_ARB_shader_bit_encoding   52 GL_ARB_shader_precision   53 GL_ARB_shader_subroutine   54 GL_ARB_shading_language_100   55 GL_ARB_shading_language_420pack   56 GL_ARB_shading_language_packing   57 GL_ARB_shadow   58 GL_ARB_stencil_texturing   59 GL_ARB_sync   60 GL_ARB_tessellation_shader   61 GL_ARB_texture_border_clamp   62 GL_ARB_texture_buffer_object_rgb32   63 GL_ARB_texture_buffer_range   64 GL_ARB_texture_compression   65 GL_ARB_texture_compression_bptc   66 GL_ARB_texture_compression_rgtc   67 GL_ARB_texture_cube_map   68 GL_ARB_texture_cube_map_array   69 GL_ARB_texture_float   70 GL_ARB_texture_gather   71 GL_ARB_texture_multisample   72 GL_ARB_texture_non_power_of_two   73 GL_ARB_texture_query_lod   74 GL_ARB_texture_rectangle   75 GL_ARB_texture_rg   76 GL_ARB_texture_rgb10_a2ui   77 GL_ARB_texture_storage   78 GL_ARB_texture_storage_multisample   79 GL_ARB_texture_swizzle   80 GL_ARB_timer_query   81 GL_ARB_transform_feedback2   82 GL_ARB_transform_feedback3   83 GL_ARB_transform_feedback_instanced   84 GL_ARB_uniform_buffer_object   85 GL_ARB_vertex_array_bgra   86 GL_ARB_vertex_array_object   87 GL_ARB_vertex_attrib_64bit   88 GL_ARB_vertex_attrib_binding   89 GL_ARB_vertex_buffer_object   90 GL_ARB_vertex_program   91 GL_ARB_vertex_type_2_10_10_10_rev   92 GL_ARB_viewport_array   93 GL_EXT_bgra   94 GL_EXT_blend_color   95 GL_EXT_blend_equation_separate   96 GL_EXT_blend_func_separate   97 GL_EXT_blend_minmax   98 GL_EXT_blend_subtract   99 GL_EXT_draw_buffers2  100 GL_EXT_draw_range_elements  101 GL_EXT_framebuffer_blit  102 GL_EXT_framebuffer_multisample  103 GL_EXT_framebuffer_object  104 GL_EXT_gpu_shader4  105 GL_EXT_multi_draw_arrays  106 GL_EXT_packed_depth_stencil  107 GL_EXT_packed_float  108 GL_EXT_shader_integer_mix  109 GL_EXT_shadow_funcs  110 GL_EXT_stencil_wrap  111 GL_EXT_texture3D  112 GL_EXT_texture_array  113 GL_EXT_texture_compression_s3tc  114 GL_EXT_texture_edge_clamp  115 GL_EXT_texture_filter_anisotropic  116 GL_EXT_texture_integer  117 GL_EXT_texture_lod_bias  118 GL_EXT_texture_sRGB  119 GL_EXT_texture_sRGB_decode  120 GL_EXT_texture_shared_exponent  121 GL_EXT_texture_snorm  122 GL_EXT_texture_swizzle  123 GL_EXT_transform_feedback  124 GL_KHR_blend_equation_advanced  125 GL_KHR_debug  126 WGL_EXT_swap_control  127 GL_EXT_debug_tool  128 GL_EXT_debug_label  129 GL_EXT_debug_marker  130 GL_GREMEDY_frame_terminator  131 GL_GREMEDY_string_markerzglDrawDevice_WGL.c:740?afxIcdHook
zglDrawDevice_WGL.c:740?afxIcdHook
(has_ARB_shader_storage_buffer_object)
	<//./targa-gfx/>("")  0.0.0 	<//./targa-dma/>("")  0.0.0 	<//./targa-vcx/>("")  0.0.0 Loading... <e2amiga.dll>Installing... <e2amiga>	<//./amiga-sfx/>("")  0.0.0 	<//./amiga-pcx/>("")  0.0.0 	<//./amiga-dma/>("")  0.0.0 	<//./amiga-sink/>("")  0.0.0 Memory page Size: 4096HW threading: 2Starting 6612 on thread execution unit #2...Draw Thread for DPU 000
	Intel(R) HD Graphics 4.0.0 - Build 10.18.10.5161Running... 0000000005004d70#6612 --- null:528Mounting... <//./d/>('E:\qwadro\repo\qwadro\qwd\tmp'),7

UNIFORM(0, 0, std140, sgl_view)
{
    mat4 p;
    mat4 ip;
    mat4 vp;
    mat4 ivp;
    mat4 v;
    mat4 iv;
    
    vec4 viewPos; // view point
    vec2 viewExtent;

    vec3 starDir;
    vec4 starPos;
    vec4 starKd;
};
 PUSH(pushes) { mat4 uM; vec3 uWireColor; float uWireThickness; vec3 uFillColor; }; IN(0, vec3, aPos); void main() { gl_Position = p * v * uM * vec4(aPos, 1.0); }Í
 PUSH(pushes) { mat4 uM; vec3 uWireColor; float uWireThickness; vec3 uFillColor; }; OUT(0, vec4, FragColor); void main() { vec3 color = uWireColor; FragColor = vec4(color, 1.0); }ÍavxFence.c:66?_AvxFencSW_SignalCb
avxFence.c:66?_AvxFencSW_SignalCb
(value > (afxUnit64)AfxLoadAtom64(&fenc->value))
qowSurface_WGL.c:528?_ZglDoutPresent_WGL
GL: INVAL_OP